8 7 6 9 1 4 5 3 2
3 1 5 2 8 6 7 4 9
9 4 2 3 7 5 8 6 1
4 3 8 7 6 9 2 1 5
6 9 1 5 2 3 4 8 7
2 5 7 1 4 8 3 9 6
1 2 9 4 3 7 6 5 8
5 8 4 6 9 2 1 7 3
7 6 3 8 5 1 9 2 4